// Jest Snapshot v1, https://goo.gl/fbAQLP

exports[`renders correctly 1`] = `
<div>
  <div
    className="display"
  >
    <h5
      className="resultDisplayer"
    >
      0
    </h5>
    <h5
      className="partialDisplayer"
    >
       
    </h5>
  </div>
  <div
    className="group"
  >
    <button
      onClick={[Function]}
      type="button"
    >
      AC
    </button>
    <button
      onClick={[Function]}
      type="button"
    >
      +/-
    </button>
    <button
      onClick={[Function]}
      type="button"
    >
      %
    </button>
    <button
      onClick={[Function]}
      type="button"
    >
      /
    </button>
  </div>
  <div
    className="group"
  >
    <button
      onClick={[Function]}
      type="button"
    >
      7
    </button>
    <button
      onClick={[Function]}
      type="button"
    >
      8
    </button>
    <button
      onClick={[Function]}
      type="button"
    >
      9
    </button>
    <button
      onClick={[Function]}
      type="button"
    >
      X
    </button>
  </div>
  <div
    className="group"
  >
    <button
      onClick={[Function]}
      type="button"
    >
      4
    </button>
    <button
      onClick={[Function]}
      type="button"
    >
      5
    </button>
    <button
      onClick={[Function]}
      type="button"
    >
      6
    </button>
    <button
      onClick={[Function]}
      type="button"
    >
      -
    </button>
  </div>
  <div
    className="group"
  >
    <button
      onClick={[Function]}
      type="button"
    >
      1
    </button>
    <button
      onClick={[Function]}
      type="button"
    >
      2
    </button>
    <button
      onClick={[Function]}
      type="button"
    >
      3
    </button>
    <button
      onClick={[Function]}
      type="button"
    >
      +
    </button>
  </div>
  <div
    className="group2"
  >
    <button
      onClick={[Function]}
      type="button"
    >
      0
    </button>
    <button
      onClick={[Function]}
      type="button"
    >
      .
    </button>
    <button
      onClick={[Function]}
      type="button"
    >
      =
    </button>
  </div>
</div>
`;
